###############################################################################
#
# IAR ELF Linker V7.40.3.8902/W32 for ARM                 06/May/2017  22:58:16
# Copyright 2007-2015 IAR Systems AB.
#
#    Output file  =  
#        D:\省赛程序\UART_INT\Prj\IAR\DZ10_Release\Exe\vcan_Kinetis.out
#    Map file     =  
#        D:\省赛程序\UART_INT\Prj\IAR\DZ10_Release\List\vcan_Kinetis.map
#    Command line =  
#        D:\省赛程序\UART_INT\Prj\IAR\DZ10_Release\Obj\lcd.o
#        D:\省赛程序\UART_INT\Prj\IAR\DZ10_Release\Obj\main.o
#        D:\省赛程序\UART_INT\Prj\IAR\DZ10_Release\Obj\misc.o
#        D:\省赛程序\UART_INT\Prj\IAR\DZ10_Release\Obj\MK60_conf.o
#        D:\省赛程序\UART_INT\Prj\IAR\DZ10_Release\Obj\MK60_DWT.o
#        D:\省赛程序\UART_INT\Prj\IAR\DZ10_Release\Obj\MK60_flash.o
#        D:\省赛程序\UART_INT\Prj\IAR\DZ10_Release\Obj\MK60_ftm.o
#        D:\省赛程序\UART_INT\Prj\IAR\DZ10_Release\Obj\MK60_gpio.o
#        D:\省赛程序\UART_INT\Prj\IAR\DZ10_Release\Obj\MK60_it.o
#        D:\省赛程序\UART_INT\Prj\IAR\DZ10_Release\Obj\MK60_lptmr.o
#        D:\省赛程序\UART_INT\Prj\IAR\DZ10_Release\Obj\MK60_mcg.o
#        D:\省赛程序\UART_INT\Prj\IAR\DZ10_Release\Obj\MK60_PIT.o
#        D:\省赛程序\UART_INT\Prj\IAR\DZ10_Release\Obj\MK60_port.o
#        D:\省赛程序\UART_INT\Prj\IAR\DZ10_Release\Obj\MK60_SysTick.o
#        D:\省赛程序\UART_INT\Prj\IAR\DZ10_Release\Obj\MK60_uart.o
#        D:\省赛程序\UART_INT\Prj\IAR\DZ10_Release\Obj\MK60_wdog.o
#        D:\省赛程序\UART_INT\Prj\IAR\DZ10_Release\Obj\startup_MK60DZ10.o
#        D:\省赛程序\UART_INT\Prj\IAR\DZ10_Release\Obj\system_MK60DZ10.o
#        D:\省赛程序\UART_INT\Prj\IAR\DZ10_Release\Obj\VCAN_computer.o
#        D:\省赛程序\UART_INT\Prj\IAR\DZ10_Release\Obj\VCAN_key.o
#        D:\省赛程序\UART_INT\Prj\IAR\DZ10_Release\Obj\VCAN_LED.o
#        D:\省赛程序\UART_INT\Prj\IAR\DZ10_Release\Obj\vectors.o --redirect
#        _Printf=_PrintfLargeNoMb --redirect _Scanf=_ScanfLargeNoMb -o
#        D:\省赛程序\UART_INT\Prj\IAR\DZ10_Release\Exe\vcan_Kinetis.out --map
#        D:\省赛程序\UART_INT\Prj\IAR\DZ10_Release\List\vcan_Kinetis.map
#        --config "D:\省赛程序\UART_INT\Prj\IAR\config
#        files\vcan_ROM_K60N512.icf"
#        D:\省赛程序\UART_INT\Prj\IAR\..\..\Lib\CMSIS\iar_cortexM4l_math.a
#        --entry __iar_program_start --redirect __write=__write_buffered
#        --inline --vfe
#
###############################################################################

*******************************************************************************
*** RUNTIME MODEL ATTRIBUTES
***

CppFlavor       = *
__SystemLibrary = DLib


*******************************************************************************
*** PLACEMENT SUMMARY
***

"A1":  place at 0x00000000 { ro section .intvec };
"A2":  place at 0x00000410 { ro section .noinit };
"P1":  place in [from 0x00000000 to 0x00080000] { ro, block CodeRelocate };
"P2":  place in [from 0x1fff0410 to 0x20010000] {
          rw, block CodeRelocateRam, block CSTACK, block HEAP };

  Section              Kind        Address    Size  Object
  -------              ----        -------    ----  ------
"A1":                                        0x410
  .intvec              const    0x00000000   0x410  vectors.o [1]
                              - 0x00000410   0x410

"A2":                                          0x8
  .noinit              ro code  0x00000410     0x8  startup_MK60DZ10.o [1]
                              - 0x00000418     0x8

"P1":                                       0x1b4c
  .text                ro code  0x00000418   0x750  main.o [1]
  .text                ro code  0x00000b68   0x1ac  MK60_uart.o [1]
  .text                ro code  0x00000d14    0x2c  I32ToDbl.o [4]
  .text                ro code  0x00000d40   0x1a2  DblMul.o [4]
  .text                ro code  0x00000ee4    0x90  DblToFlt.o [4]
  .text                ro code  0x00000f74   0x520  lcd.o [1]
  .text                ro code  0x00001494    0xe6  FltSub.o [4]
  .text                ro code  0x0000157c    0x58  MK60_PIT.o [1]
  .text                ro code  0x000015d4    0x18  misc.o [1]
  .text                ro code  0x000015ec    0x5c  MK60_gpio.o [1]
  .text                ro code  0x00001648    0xd8  FltMul.o [4]
  .text                ro code  0x00001720    0x84  FltAdd.o [4]
  .text                ro code  0x000017a4    0x44  FltToS32.o [4]
  .text                ro code  0x000017e8    0x24  FltCmpLe.o [4]
  .text                ro code  0x0000180c    0x24  FltCmpGe.o [4]
  .text                ro code  0x00001830   0x164  MK60_ftm.o [1]
  .text                ro code  0x00001994    0x32  I32ToFlt.o [4]
  .text                ro code  0x000019c8    0x3c  MK60_port.o [1]
  .text                ro code  0x00001a04    0x24  FltToU32.o [4]
  Veneer               ro code  0x00001a28     0x8  - Linker created -
  .text                ro code  0x00001a30   0x1b4  MK60_mcg.o [1]
  .text                ro code  0x00001be4    0xcc  system_MK60DZ10.o [1]
  .text                ro code  0x00001cb0    0x2c  MK60_wdog.o [1]
  .text                ro code  0x00001cdc    0x76  ABImemcpy_unaligned.o [5]
  .text                ro code  0x00001d54     0x6  ABImemclr.o [5]
  .text                ro code  0x00001d5c    0x5e  ABImemset.o [5]
  .data_init                    0x00001dbc    0xa0  <Block>
    Initializer bytes  const    0x00001dbc    0xa0  <for .data-1>
  CodeRelocate                  0x00001e5c    0x48  <Block>
    Initializer bytes  const    0x00001e5c    0x48  <for CodeRelocateRam-1>
  .text                ro code  0x00001ea4    0x40  zero_init3.o [5]
  .text                ro code  0x00001ee4    0x28  data_init.o [5]
  .iar.init_table      const    0x00001f0c    0x10  - Linker created -
  .text                ro code  0x00001f1c    0x1a  cmain.o [5]
  .text                ro code  0x00001f36     0x4  exit.o [3]
  .text                ro code  0x00001f3c     0xa  cexit.o [5]
  .text                ro code  0x00001f48     0xc  XXexit.o [5]
  .text                ro code  0x00001f54     0xc  cstartup_M.o [5]
  .text                ro code  0x00001f60     0x4  MK60_conf.o [1]
  .rodata              const    0x00001f64     0x0  zero_init3.o [5]
                              - 0x00001f64  0x1b4c

"P2":                                        0x144
  .data                         0x1fff0410    0xa0  <Block>
    .data-1                     0x1fff0410    0xa0  <Init block>
      .data            inited   0x1fff0410    0x18  MK60_ftm.o [1]
      .data            inited   0x1fff0428    0x14  MK60_gpio.o [1]
      .data            inited   0x1fff043c    0x44  MK60_mcg.o [1]
      .data            inited   0x1fff0480     0x4  MK60_mcg.o [1]
      .data            inited   0x1fff0484    0x14  MK60_port.o [1]
      .data            inited   0x1fff0498    0x18  MK60_uart.o [1]
  CodeRelocateRam               0x1fff04b0    0x48  <Block>
    CodeRelocateRam-1           0x1fff04b0    0x48  <Init block>
      .textrw          inited   0x1fff04b0    0x48  MK60_mcg.o [1]
  .bss                          0x1fff04f8    0x5c  <Block>
    .bss               zero     0x1fff04f8    0x28  main.o [1]
    .bss               zero     0x1fff0520    0x28  main.o [1]
    .bss               zero     0x1fff0548     0xc  system_MK60DZ10.o [1]
                              - 0x1fff0554   0x144


*******************************************************************************
*** INIT TABLE
***

          Address     Size
          -------     ----
Zero (__iar_zero_init3)
    1 destination range, total size 0x5c:
          0x1fff04f8  0x5c



*******************************************************************************
*** MODULE SUMMARY
***

    Module                 ro code  rw code  ro data  rw data
    ------                 -------  -------  -------  -------
D:\省赛程序\UART_INT\Prj\IAR\DZ10_Release\Obj: [1]
    MK60_PIT.o                  88
    MK60_conf.o                  4
    MK60_ftm.o                 356                24       24
    MK60_gpio.o                 92                20       20
    MK60_mcg.o                 436       72      144       72
    MK60_port.o                 60                20       20
    MK60_uart.o                428                24       24
    MK60_wdog.o                 44
    lcd.o                    1 312
    main.o                   1 872                         80
    misc.o                      24
    startup_MK60DZ10.o           8
    system_MK60DZ10.o          204                         12
    vectors.o                                  1 040
    ---------------------------------------------------------
    Total:                   4 928       72    1 272      252

command line: [2]
    ---------------------------------------------------------
    Total:

dl7M_tlf.a: [3]
    exit.o                       4
    ---------------------------------------------------------
    Total:                       4

m7M_tl.a: [4]
    DblMul.o                   418
    DblToFlt.o                 144
    FltAdd.o                   132
    FltCmpGe.o                  36
    FltCmpLe.o                  36
    FltMul.o                   216
    FltSub.o                   230
    FltToS32.o                  68
    FltToU32.o                  36
    I32ToDbl.o                  44
    I32ToFlt.o                  50
    ---------------------------------------------------------
    Total:                   1 410

rt7M_tl.a: [5]
    ABImemclr.o                  6
    ABImemcpy_unaligned.o      118
    ABImemset.o                 94
    XXexit.o                    12
    cexit.o                     10
    cmain.o                     26
    cstartup_M.o                12
    data_init.o                 40
    zero_init3.o                64
    ---------------------------------------------------------
    Total:                     382

    Gaps                        14
    Linker created               8                16
-------------------------------------------------------------
    Grand Total:             6 746       72    1 288      252


*******************************************************************************
*** ENTRY LIST
***

Entry                      Address   Size  Type      Object
-----                      -------   ----  ----      ------
.bss$$Base              0x1fff04f8          --   Gb  - Linker created -
.bss$$Limit             0x1fff0554          --   Gb  - Linker created -
.data$$Base             0x1fff0410          --   Gb  - Linker created -
.data$$Limit            0x1fff04b0          --   Gb  - Linker created -
.data_init$$Base        0x00001dbc          --   Gb  - Linker created -
.data_init$$Limit       0x00001e5c          --   Gb  - Linker created -
.iar.init_table$$Base   0x00001f0c          --   Gb  - Linker created -
.iar.init_table$$Limit  0x00001f1c          --   Gb  - Linker created -
?main                   0x00001f1d         Code  Gb  cmain.o [5]
CodeRelocate$$Base      0x00001e5c          --   Gb  - Linker created -
CodeRelocate$$Limit     0x00001ea4          --   Gb  - Linker created -
CodeRelocateRam$$Base   0x1fff04b0          --   Gb  - Linker created -
CodeRelocateRam$$Limit  0x1fff04f8          --   Gb  - Linker created -
F6x8                    0x0000126c  0x228  Data  Gb  lcd.o [1]
FTMN                    0x1fff0410    0xc  Data  Gb  MK60_ftm.o [1]
FTM_port_mux            0x00001831   0xac  Code  Lc  MK60_ftm.o [1]
GPIOX                   0x1fff0428   0x14  Data  Gb  MK60_gpio.o [1]
LCD_Fill                0x00000fdf   0x30  Code  Gb  lcd.o [1]
LCD_Init                0x0000100f   0xf8  Code  Gb  lcd.o [1]
LCD_P6x8Str             0x00001107   0x7c  Code  Gb  lcd.o [1]
LCD_WrCmd               0x00000fad   0x32  Code  Gb  lcd.o [1]
LCD_WrDat               0x00000f75   0x38  Code  Gb  lcd.o [1]
Oprintfloat             0x0000124d   0x1e  Code  Gb  lcd.o [1]
PIT0_IRQHandler         0x00000b09    0xc  Code  Gb  main.o [1]
PORTX                   0x1fff0484   0x14  Data  Gb  MK60_port.o [1]
PWM1                    0x1fff0538    0x4  Data  Gb  main.o [1]
PWM2                    0x1fff053c    0x4  Data  Gb  main.o [1]
PWM3                    0x1fff0540    0x4  Data  Gb  main.o [1]
PWM4                    0x1fff0544    0x4  Data  Gb  main.o [1]
Re_buf                  0x1fff04f8    0xc  Data  Gb  main.o [1]
Region$$Table$$Base     0x00001f0c          --   Gb  - Linker created -
Region$$Table$$Limit    0x00001f1c          --   Gb  - Linker created -
Reset_Handler           0x00000411         Code  Gb  startup_MK60DZ10.o [1]
UARTN                   0x1fff0498   0x18  Data  Gb  MK60_uart.o [1]
Value                   0x1fff052c    0xc  Data  Gb  main.o [1]
__BOOT_STACK_ADDRESS {Abs}
                        0x2000fff8          --   Gb  command line/config [2]
__VECTOR_RAM {Abs}      0x1fff0000          --   Gb  command line/config [2]
__VECTOR_TABLE {Abs}    0x00000000          --   Gb  command line/config [2]
__aeabi_cfcmple         0x000017e9         Code  Gb  FltCmpLe.o [4]
__aeabi_cfrcmple        0x0000180d         Code  Gb  FltCmpGe.o [4]
__aeabi_d2f             0x00000ee5         Code  Gb  DblToFlt.o [4]
__aeabi_dmul            0x00000d41         Code  Gb  DblMul.o [4]
__aeabi_f2iz            0x000017a5         Code  Gb  FltToS32.o [4]
__aeabi_f2uiz           0x00001a05         Code  Gb  FltToU32.o [4]
__aeabi_fadd            0x00001721         Code  Gb  FltAdd.o [4]
__aeabi_fmul            0x00001649         Code  Gb  FltMul.o [4]
__aeabi_fsub            0x00001495         Code  Gb  FltSub.o [4]
__aeabi_i2d             0x00000d15         Code  Gb  I32ToDbl.o [4]
__aeabi_i2f             0x00001995         Code  Gb  I32ToFlt.o [4]
__aeabi_memclr          0x00001d55         Code  Gb  ABImemclr.o [5]
__aeabi_ui2f            0x000019a9         Code  Gb  I32ToFlt.o [4]
__cmain                 0x00001f1d         Code  Gb  cmain.o [5]
__code_start__ {Abs}    0x00000410          --   Gb  command line/config [2]
__exit                  0x00001f49         Code  Gb  XXexit.o [5]
__iar_Memset_word       0x00001d5d         Code  Gb  ABImemset.o [5]
__iar_data_init3        0x00001ee5   0x28  Code  Gb  data_init.o [5]
__iar_fadd              0x00001731         Code  Gb  FltAdd.o [4]
__iar_fsub              0x000014a5         Code  Gb  FltSub.o [4]
__iar_fsubStart         0x000014b5         Code  Gb  FltSub.o [4]
__iar_program_start     0x00001f55         Code  Gb  cstartup_M.o [5]
__iar_ui2d              0x00000d29         Code  Gb  I32ToDbl.o [4]
__iar_ui2f              0x000019ad         Code  Gb  I32ToFlt.o [4]
__iar_unaligned___aeabi_memcpy
                        0x00001cdd         Code  Gb  ABImemcpy_unaligned.o [5]
__iar_unaligned___aeabi_memcpy4
                        0x00001cfd         Code  Gb  ABImemcpy_unaligned.o [5]
__iar_unaligned___aeabi_memcpy8
                        0x00001cfd         Code  Gb  ABImemcpy_unaligned.o [5]
__iar_zero_init3        0x00001ea5   0x40  Code  Gb  zero_init3.o [5]
__vector_table          0x00000000  0x410  Data  Gb  vectors.o [1]
_call_main              0x00001f29         Code  Gb  cmain.o [5]
_exit                   0x00001f3d         Code  Gb  cexit.o [5]
_main                   0x00001f33         Code  Gb  cmain.o [5]
bus_clk_khz             0x1fff0550    0x4  Data  Gb  system_MK60DZ10.o [1]
common_startup          0x00001c37   0x48  Code  Gb  system_MK60DZ10.o [1]
core_clk_khz            0x1fff0548    0x4  Data  Gb  system_MK60DZ10.o [1]
core_clk_mhz            0x1fff054c    0x4  Data  Gb  system_MK60DZ10.o [1]
counter                 0x1fff0514    0x1  Data  Gb  main.o [1]
d_error                 0x1fff0518    0x4  Data  Gb  main.o [1]
default_isr             0x00001f61    0x2  Code  Gb  MK60_conf.o [1]
exit                    0x00001f37    0x4  Code  Gb  exit.o [3]
flag                    0x1fff0528    0x1  Data  Gb  main.o [1]
flag_pit                0x1fff0515    0x1  Data  Gb  main.o [1]
flag_run                0x1fff0529    0x1  Data  Gb  main.o [1]
ftm_mod                 0x1fff041c    0xc  Data  Lc  MK60_ftm.o [1]
ftm_pwm_duty            0x00001961   0x26  Code  Gb  MK60_ftm.o [1]
ftm_pwm_init            0x000018dd   0x84  Code  Gb  MK60_ftm.o [1]
gpio_init               0x000015ed   0x42  Code  Gb  MK60_gpio.o [1]
gpio_turn               0x0000162f   0x16  Code  Gb  MK60_gpio.o [1]
last                    0x1fff051c    0x4  Data  Gb  main.o [1]
main                    0x000007ad  0x35c  Code  Gb  main.o [1]
mcg_cfg                 0x1fff043c   0x44  Data  Gb  MK60_mcg.o [1]
mcg_div                 0x1fff0480    0x4  Data  Gb  MK60_mcg.o [1]
mcg_div_count           0x00001a31  0x12c  Code  Gb  MK60_mcg.o [1]
oledftoa                0x00001183   0xba  Code  Gb  lcd.o [1]
pit_close               0x000015ad   0x18  Code  Gb  MK60_PIT.o [1]
pit_init                0x0000157d   0x30  Code  Gb  MK60_PIT.o [1]
pll_init                0x00001b5d   0x7a  Code  Gb  MK60_mcg.o [1]
port_init               0x000019c9   0x2c  Code  Gb  MK60_port.o [1]
set_sys_dividers        0x1fff04b1   0x48  Code  Gb  MK60_mcg.o [1]
set_vector_handler      0x000015db    0x8  Code  Gb  misc.o [1]
start                   0x00001be5   0x1e  Code  Gb  system_MK60DZ10.o [1]
sysinit                 0x00001c03   0x34  Code  Gb  system_MK60DZ10.o [1]
uart5_handler           0x00000419  0x394  Code  Gb  main.o [1]
uart_getchar            0x00000cb1   0x14  Code  Gb  MK60_uart.o [1]
uart_init               0x00000b69  0x148  Code  Gb  MK60_uart.o [1]
uart_query              0x00000cc5   0x14  Code  Gb  MK60_uart.o [1]
uart_rx_irq_en          0x00000cd9    0xe  Code  Gb  MK60_uart.o [1]
ucStrAngle              0x1fff0520    0x8  Data  Gb  main.o [1]
ucStra                  0x1fff0504    0x8  Data  Gb  main.o [1]
ucStrw                  0x1fff050c    0x8  Data  Gb  main.o [1]
wdog_disable            0x00001cb1   0x26  Code  Gb  MK60_wdog.o [1]
write_vtor              0x000015d5    0x6  Code  Gb  misc.o [1]


[1] = D:\省赛程序\UART_INT\Prj\IAR\DZ10_Release\Obj
[2] = command line
[3] = dl7M_tlf.a
[4] = m7M_tl.a
[5] = rt7M_tl.a

  6 746 bytes of readonly  code memory
     72 bytes of readwrite code memory
  1 288 bytes of readonly  data memory
    252 bytes of readwrite data memory

Errors: none
Warnings: none
